
Testing app.client.engine.executor-test

Testing app.client.engine.executor-pending-test

Testing app.client.engine.surface-test

Testing app.client.path.pickup-test
PICKUP {:checkpoint-bytes 8773217, :texel [0.01336952205747366 0.0 0.9866304397583008 1.0], :dabs 24, :components 65536}

Testing app.client.path.value-test

Testing app.client.path.source-test

Testing app.client.path.stroke-test

Testing app.client.path.nib-test

Testing app.client.path.pack-test

Testing app.client.path.construction-test

Testing app.client.path.component-test

Testing app.client.path.frame-test

Testing app.client.region3d.path-placement-test

Testing app.client.region3d.surface-region-test

Testing app.client.region3d.coating-test

Testing app.client.region3d.brush-test
COATING {:sha256 30cb13f2147784bdae44b4aa303d412c8980f00c09435c0983521cd291d75579, :checkpoint-bytes 142802, :carry [0.6781253814697266 0.0 0.16514968872070312 0.8432750701904297]}
REUSE {:pickup 0.5, :sha256 a5aba6ed27c234df463b322995e052bba3e3c4fa7871e453d4a0400270cd887a}

Ran 79 tests containing 706 assertions.
0 failures, 0 errors.
SUMMARY {:test 79, :pass 706, :fail 0, :error 0, :type :summary}
